// Jest Snapshot v1, https://goo.gl/fbAQLP

exports[`SectionHero matches snapshot 1`] = `
<div
  className=""
>
  <div>
    <h1>
      <span>
        SectionHero.title
      </span>
    </h1>
    <h2>
      <span>
        SectionHero.subTitle
      </span>
    </h2>
    <h2>
      <span>
        SectionHero.temporaryOffer
      </span>
      <a
        className=""
        href="/benefits/birthday-gift"
        onClick={[Function]}
        style={Object {}}
        title={null}
      >
        <span>
          SectionHero.temporaryOfferLink
        </span>
      </a>
    </h2>
    <a
      className=""
      href="/s?address=Ireland&bounds=55.36%2C-5.911%2C51.427%2C-10.382&origin=53.357%2C-7.756"
      onClick={[Function]}
      style={Object {}}
      title={null}
    >
      <span>
        SectionHero.browseButton
      </span>
    </a>
  </div>
</div>
`;
